
Memory Configuration

Name             Origin             Length             Attributes
sram             0x10000000         0x00002000
flash            0x00000000         0x00008000
*default*        0x00000000         0xffffffff

Linker script and memory map

LOAD .objs\main.o
LOAD .objs\startup.o
LOAD .objs\system_LPC13xx.o
LOAD c:/program files (x86)/gnu tools arm embedded/7 2017-q4-major/bin/../lib/gcc/arm-none-eabi/7.2.1/../../../../arm-none-eabi/lib\libstdc++.a
LOAD c:/program files (x86)/gnu tools arm embedded/7 2017-q4-major/bin/../lib/gcc/arm-none-eabi/7.2.1/../../../../arm-none-eabi/lib\libm.a
START GROUP
LOAD c:/program files (x86)/gnu tools arm embedded/7 2017-q4-major/bin/../lib/gcc/arm-none-eabi/7.2.1\libgcc.a
LOAD c:/program files (x86)/gnu tools arm embedded/7 2017-q4-major/bin/../lib/gcc/arm-none-eabi/7.2.1/../../../../arm-none-eabi/lib\libc.a
END GROUP
                0x10001ff0                _end_stack = 0x10001ff0
                0x00000000                . = ORIGIN (flash)

vectors         0x00000000      0x128
 *(.vectors)
 .vectors       0x00000000      0x128 .objs\startup.o
                0x00000000                vector_table

.text           0x00000128      0x5a0
 *(.text)
 .text          0x00000128      0x1ac .objs\main.o
                0x00000158                pin_low
                0x00000180                pin_high
                0x000001a8                timer_start
                0x000001c0                timer_stop
                0x000001d8                init_timer
                0x00000248                init_port
                0x0000026c                TIMER_32_0_Handler
                0x000002bc                main
 .text          0x000002d4       0x6c .objs\startup.o
                0x000002d4                Reset_Handler
                0x00000338                HardFault_Handler
                0x00000338                SysTick_Handler
                0x00000338                PendSV_Handler
                0x00000338                NMI_Handler
                0x00000338                ADC_Handler
                0x00000338                BOD_Handler
                0x00000338                EINT3_Handler
                0x00000338                RESERVED_Handler
                0x00000338                UsageFault_Handler
                0x00000338                WDT_Handler
                0x00000338                TIMER_16_1_Handler
                0x00000338                DebugMon_Handler
                0x00000338                Dummy_Handler
                0x00000338                WAKEUP_Handler
                0x00000338                I2C_Handler
                0x00000338                SSP_Handler
                0x00000338                MemManage_Handler
                0x00000338                SVC_Handler
                0x00000338                USB_FIQ_Handler
                0x00000338                EINT0_Handler
                0x00000338                UART_Handler
                0x00000338                EINT2_Handler
                0x00000338                USB_IRQ_Handler
                0x00000338                EINT1_Handler
                0x00000338                TIMER_16_0_Handler
                0x00000338                TIMER_32_1_Handler
                0x00000338                BusFault_Handler
 .text          0x00000340      0x388 .objs\system_LPC13xx.o
                0x00000340                SystemCoreClockUpdate
                0x000005a4                SystemInit
 *(.rodata)
 *(.rodata*)
                0x000006c8                _end_text = .

.glue_7         0x000006c8        0x0
 .glue_7        0x000006c8        0x0 linker stubs

.glue_7t        0x000006c8        0x0
 .glue_7t       0x000006c8        0x0 linker stubs

.vfp11_veneer   0x000006c8        0x0
 .vfp11_veneer  0x000006c8        0x0 linker stubs

.v4_bx          0x000006c8        0x0
 .v4_bx         0x000006c8        0x0 linker stubs

.iplt           0x000006c8        0x0
 .iplt          0x000006c8        0x0 .objs\main.o

.rel.dyn        0x000006c8        0x0
 .rel.iplt      0x000006c8        0x0 .objs\main.o

.data           0x10000000        0x4 load address 0x000006c8
                0x10000000                _start_data = .
 *(.data)
 .data          0x10000000        0x0 .objs\main.o
 .data          0x10000000        0x0 .objs\startup.o
 .data          0x10000000        0x4 .objs\system_LPC13xx.o
                0x10000000                SystemCoreClock
                0x10000004                _end_data = .

.igot.plt       0x10000004        0x0 load address 0x000006cc
 .igot.plt      0x10000004        0x0 .objs\main.o

.bss            0x10000004        0x0 load address 0x000006cc
                0x10000004                _start_bss = .
 *(.bss)
 .bss           0x10000004        0x0 .objs\main.o
 .bss           0x10000004        0x0 .objs\startup.o
 .bss           0x10000004        0x0 .objs\system_LPC13xx.o
                0x10000004                _end_bss = .
                0x10000004                . = ALIGN (0x4)
                0x10000004                _start_stack = .
                0x10000004                _end = .
                [!provide]                PROVIDE (end, .)
OUTPUT(bin\Release\12_1.elf elf32-littlearm)

.comment        0x00000000       0x7e
 .comment       0x00000000       0x7e .objs\main.o
                                 0x7f (size before relaxing)
 .comment       0x0000007e       0x7f .objs\startup.o
 .comment       0x0000007e       0x7f .objs\system_LPC13xx.o

.ARM.attributes
                0x00000000       0x33
 .ARM.attributes
                0x00000000       0x33 .objs\main.o
 .ARM.attributes
                0x00000033       0x33 .objs\startup.o
 .ARM.attributes
                0x00000066       0x33 .objs\system_LPC13xx.o
